// component: /i_axi_a2x
// library: work
// files:
/remote/sdgedt/tools/reem/SNPS_FABRIC/Subsystem1/components/i_axi_a2x/src/DW_axi_a2x_define_constants.vh
/remote/sdgedt/tools/reem/SNPS_FABRIC/Subsystem1/components/i_axi_a2x/src/DW_axi_a2x_cc_constants.vh
/remote/sdgedt/tools/reem/SNPS_FABRIC/Subsystem1/components/i_axi_a2x/src/DW_axi_a2x_bcm_params.vh
/remote/sdgedt/tools/reem/SNPS_FABRIC/Subsystem1/components/i_axi_a2x/src/DW_axi_a2x_all_includes.vh
/remote/sdgedt/tools/reem/SNPS_FABRIC/Subsystem1/components/i_axi_a2x/src/DW_axi_a2x_bcm06.v
/remote/sdgedt/tools/reem/SNPS_FABRIC/Subsystem1/components/i_axi_a2x/src/DW_axi_a2x_bcm57.v
/remote/sdgedt/tools/reem/SNPS_FABRIC/Subsystem1/components/i_axi_a2x/src/DW_axi_a2x_bcm65.v
/remote/sdgedt/tools/reem/SNPS_FABRIC/Subsystem1/components/i_axi_a2x/src/DW_axi_a2x_busmux_ohsel.v
/remote/sdgedt/tools/reem/SNPS_FABRIC/Subsystem1/components/i_axi_a2x/src/DW_axi_a2x_h2x_lk.v
/remote/sdgedt/tools/reem/SNPS_FABRIC/Subsystem1/components/i_axi_a2x/src/DW_axi_a2x_h2x_resp.v
/remote/sdgedt/tools/reem/SNPS_FABRIC/Subsystem1/components/i_axi_a2x/src/DW_axi_a2x_h2x_r_ns.v
/remote/sdgedt/tools/reem/SNPS_FABRIC/Subsystem1/components/i_axi_a2x/src/DW_axi_a2x_h2x_r_id.v
/remote/sdgedt/tools/reem/SNPS_FABRIC/Subsystem1/components/i_axi_a2x/src/DW_axi_a2x_h2x_r.v
/remote/sdgedt/tools/reem/SNPS_FABRIC/Subsystem1/components/i_axi_a2x/src/DW_axi_a2x_h2x_w_id.v
/remote/sdgedt/tools/reem/SNPS_FABRIC/Subsystem1/components/i_axi_a2x/src/DW_axi_a2x_h2x_w.v
/remote/sdgedt/tools/reem/SNPS_FABRIC/Subsystem1/components/i_axi_a2x/src/DW_axi_a2x_h2x_decode.v
/remote/sdgedt/tools/reem/SNPS_FABRIC/Subsystem1/components/i_axi_a2x/src/DW_axi_a2x_h2x.v
/remote/sdgedt/tools/reem/SNPS_FABRIC/Subsystem1/components/i_axi_a2x/src/DW_axi_a2x_fifo_sclk_r.v
/remote/sdgedt/tools/reem/SNPS_FABRIC/Subsystem1/components/i_axi_a2x/src/DW_axi_a2x_fifo.v
/remote/sdgedt/tools/reem/SNPS_FABRIC/Subsystem1/components/i_axi_a2x/src/DW_axi_a2x_sp_add_lk.v
/remote/sdgedt/tools/reem/SNPS_FABRIC/Subsystem1/components/i_axi_a2x/src/DW_axi_a2x_sp_add_calc.v
/remote/sdgedt/tools/reem/SNPS_FABRIC/Subsystem1/components/i_axi_a2x/src/DW_axi_a2x_sp_add_rs.v
/remote/sdgedt/tools/reem/SNPS_FABRIC/Subsystem1/components/i_axi_a2x/src/DW_axi_a2x_sp_add_onek.v
/remote/sdgedt/tools/reem/SNPS_FABRIC/Subsystem1/components/i_axi_a2x/src/DW_axi_a2x_sp_add_ws.v
/remote/sdgedt/tools/reem/SNPS_FABRIC/Subsystem1/components/i_axi_a2x/src/DW_axi_a2x_sp_add_split.v
/remote/sdgedt/tools/reem/SNPS_FABRIC/Subsystem1/components/i_axi_a2x/src/DW_axi_a2x_sp_add.v
/remote/sdgedt/tools/reem/SNPS_FABRIC/Subsystem1/components/i_axi_a2x/src/DW_axi_a2x_aw.v
/remote/sdgedt/tools/reem/SNPS_FABRIC/Subsystem1/components/i_axi_a2x/src/DW_axi_a2x_ar.v
/remote/sdgedt/tools/reem/SNPS_FABRIC/Subsystem1/components/i_axi_a2x/src/DW_axi_a2x_pk_byte.v
/remote/sdgedt/tools/reem/SNPS_FABRIC/Subsystem1/components/i_axi_a2x/src/DW_axi_a2x_w_pk.v
/remote/sdgedt/tools/reem/SNPS_FABRIC/Subsystem1/components/i_axi_a2x/src/DW_axi_a2x_w_upk.v
/remote/sdgedt/tools/reem/SNPS_FABRIC/Subsystem1/components/i_axi_a2x/src/DW_axi_a2x_w_spc.v
/remote/sdgedt/tools/reem/SNPS_FABRIC/Subsystem1/components/i_axi_a2x/src/DW_axi_a2x_w_snf.v
/remote/sdgedt/tools/reem/SNPS_FABRIC/Subsystem1/components/i_axi_a2x/src/DW_axi_a2x_w.v
/remote/sdgedt/tools/reem/SNPS_FABRIC/Subsystem1/components/i_axi_a2x/src/DW_axi_a2x_r_upk_dec.v
/remote/sdgedt/tools/reem/SNPS_FABRIC/Subsystem1/components/i_axi_a2x/src/DW_axi_a2x_r_upk.v
/remote/sdgedt/tools/reem/SNPS_FABRIC/Subsystem1/components/i_axi_a2x/src/DW_axi_a2x_r_pk_byte.v
/remote/sdgedt/tools/reem/SNPS_FABRIC/Subsystem1/components/i_axi_a2x/src/DW_axi_a2x_r_pk.v
/remote/sdgedt/tools/reem/SNPS_FABRIC/Subsystem1/components/i_axi_a2x/src/DW_axi_a2x_r_uid.v
/remote/sdgedt/tools/reem/SNPS_FABRIC/Subsystem1/components/i_axi_a2x/src/DW_axi_a2x_r.v
/remote/sdgedt/tools/reem/SNPS_FABRIC/Subsystem1/components/i_axi_a2x/src/DW_axi_a2x_b_buf.v
/remote/sdgedt/tools/reem/SNPS_FABRIC/Subsystem1/components/i_axi_a2x/src/DW_axi_a2x_b_nbuf.v
/remote/sdgedt/tools/reem/SNPS_FABRIC/Subsystem1/components/i_axi_a2x/src/DW_axi_a2x_b_uid.v
/remote/sdgedt/tools/reem/SNPS_FABRIC/Subsystem1/components/i_axi_a2x/src/DW_axi_a2x_b.v
/remote/sdgedt/tools/reem/SNPS_FABRIC/Subsystem1/components/i_axi_a2x/src/DW_axi_a2x_busy_osx.v
/remote/sdgedt/tools/reem/SNPS_FABRIC/Subsystem1/components/i_axi_a2x/src/DW_axi_a2x_busy.v
/remote/sdgedt/tools/reem/SNPS_FABRIC/Subsystem1/components/i_axi_a2x/src/DW_axi_a2x_pp_lk.v
/remote/sdgedt/tools/reem/SNPS_FABRIC/Subsystem1/components/i_axi_a2x/src/DW_axi_a2x_sp_lk.v
/remote/sdgedt/tools/reem/SNPS_FABRIC/Subsystem1/components/i_axi_a2x/src/DW_axi_a2x_lp.v
/remote/sdgedt/tools/reem/SNPS_FABRIC/Subsystem1/components/i_axi_a2x/src/DW_axi_a2x_h2x_et.v
/remote/sdgedt/tools/reem/SNPS_FABRIC/Subsystem1/components/i_axi_a2x/src/DW_axi_a2x_x2x_et.v
/remote/sdgedt/tools/reem/SNPS_FABRIC/Subsystem1/components/i_axi_a2x/src/DW_axi_rs_tpi.v
/remote/sdgedt/tools/reem/SNPS_FABRIC/Subsystem1/components/i_axi_a2x/src/DW_axi_rs_core.v
/remote/sdgedt/tools/reem/SNPS_FABRIC/Subsystem1/components/i_axi_a2x/src/DW_axi_a2x_core.v
/remote/sdgedt/tools/reem/SNPS_FABRIC/Subsystem1/components/i_axi_a2x/src/DW_axi_a2x.v
/remote/sdgedt/tools/reem/SNPS_FABRIC/Subsystem1/components/i_axi_a2x/src/DW_axi_a2x-undef.v

