/remote/sdgedt/tools/reem/SNPS_FABRIC/Subsystem1/components/i_axi/src/DW_axi_cc_constants.vh
/remote/sdgedt/tools/reem/SNPS_FABRIC/Subsystem1/components/i_axi/src/DW_axi_constants.vh
/remote/sdgedt/tools/reem/SNPS_FABRIC/Subsystem1/components/i_axi/src/DW_axi_bcm_params.vh
/remote/sdgedt/tools/reem/SNPS_FABRIC/Subsystem1/components/i_axi/src/DW_axi_all_includes.vh
/remote/sdgedt/tools/reem/SNPS_FABRIC/Subsystem1/components/i_axi/src/DW_axi_bcm01.v
/remote/sdgedt/tools/reem/SNPS_FABRIC/Subsystem1/components/i_axi/src/DW_axi_bcm06.v
/remote/sdgedt/tools/reem/SNPS_FABRIC/Subsystem1/components/i_axi/src/DW_axi_bcm36_nhs.v
/remote/sdgedt/tools/reem/SNPS_FABRIC/Subsystem1/components/i_axi/src/DW_axi_arbiter_fae.v
/remote/sdgedt/tools/reem/SNPS_FABRIC/Subsystem1/components/i_axi/src/DW_axi_arbiter_fcfs.v
/remote/sdgedt/tools/reem/SNPS_FABRIC/Subsystem1/components/i_axi/src/DW_axi_bcm57.v
/remote/sdgedt/tools/reem/SNPS_FABRIC/Subsystem1/components/i_axi/src/DW_axi_arbiter_dp.v
/remote/sdgedt/tools/reem/SNPS_FABRIC/Subsystem1/components/i_axi/src/DW_axi_busmux.v
/remote/sdgedt/tools/reem/SNPS_FABRIC/Subsystem1/components/i_axi/src/DW_axi_busdemux.v
/remote/sdgedt/tools/reem/SNPS_FABRIC/Subsystem1/components/i_axi/src/DW_axi_multibusmux.v
/remote/sdgedt/tools/reem/SNPS_FABRIC/Subsystem1/components/i_axi/src/DW_axi_busmux_ohsel.v
/remote/sdgedt/tools/reem/SNPS_FABRIC/Subsystem1/components/i_axi/src/DW_axi_systolcl.v
/remote/sdgedt/tools/reem/SNPS_FABRIC/Subsystem1/components/i_axi/src/DW_axi_lcltosys.v
/remote/sdgedt/tools/reem/SNPS_FABRIC/Subsystem1/components/i_axi/src/DW_axi_irs.v
/remote/sdgedt/tools/reem/SNPS_FABRIC/Subsystem1/components/i_axi/src/DW_axi_irs_arbpl.v
/remote/sdgedt/tools/reem/SNPS_FABRIC/Subsystem1/components/i_axi/src/DW_axi_dcdr.v
/remote/sdgedt/tools/reem/SNPS_FABRIC/Subsystem1/components/i_axi/src/DW_axi_mca_reqhold.v
/remote/sdgedt/tools/reem/SNPS_FABRIC/Subsystem1/components/i_axi/src/DW_axi_arbpl.v
/remote/sdgedt/tools/reem/SNPS_FABRIC/Subsystem1/components/i_axi/src/DW_axi_arb.v
/remote/sdgedt/tools/reem/SNPS_FABRIC/Subsystem1/components/i_axi/src/DW_axi_mp_tzone.v
/remote/sdgedt/tools/reem/SNPS_FABRIC/Subsystem1/components/i_axi/src/DW_axi_mp_idmask.v
/remote/sdgedt/tools/reem/SNPS_FABRIC/Subsystem1/components/i_axi/src/DW_axi_mp_addrch.v
/remote/sdgedt/tools/reem/SNPS_FABRIC/Subsystem1/components/i_axi/src/DW_axi_mp_drespch.v
/remote/sdgedt/tools/reem/SNPS_FABRIC/Subsystem1/components/i_axi/src/DW_axi_mp_wdatach.v
/remote/sdgedt/tools/reem/SNPS_FABRIC/Subsystem1/components/i_axi/src/DW_axi_aw_mtile_dlock.v
/remote/sdgedt/tools/reem/SNPS_FABRIC/Subsystem1/components/i_axi/src/DW_axi_mp.v
/remote/sdgedt/tools/reem/SNPS_FABRIC/Subsystem1/components/i_axi/src/DW_axi_sp_addrch_tx_cnt.v
/remote/sdgedt/tools/reem/SNPS_FABRIC/Subsystem1/components/i_axi/src/DW_axi_sp_addrch.v
/remote/sdgedt/tools/reem/SNPS_FABRIC/Subsystem1/components/i_axi/src/DW_axi_lockdec.v
/remote/sdgedt/tools/reem/SNPS_FABRIC/Subsystem1/components/i_axi/src/DW_axi_sp_lockarb.v
/remote/sdgedt/tools/reem/SNPS_FABRIC/Subsystem1/components/i_axi/src/DW_axi_sp_drespch.v
/remote/sdgedt/tools/reem/SNPS_FABRIC/Subsystem1/components/i_axi/src/DW_axi_fifo_s1_sf.v
/remote/sdgedt/tools/reem/SNPS_FABRIC/Subsystem1/components/i_axi/src/DW_axi_sp_wrorder.v
/remote/sdgedt/tools/reem/SNPS_FABRIC/Subsystem1/components/i_axi/src/DW_axi_sp_shrd_wrorder.v
/remote/sdgedt/tools/reem/SNPS_FABRIC/Subsystem1/components/i_axi/src/DW_axi_sp_wdatach.v
/remote/sdgedt/tools/reem/SNPS_FABRIC/Subsystem1/components/i_axi/src/DW_axi_sp.v
/remote/sdgedt/tools/reem/SNPS_FABRIC/Subsystem1/components/i_axi/src/DW_axi_sp_shrd.v
/remote/sdgedt/tools/reem/SNPS_FABRIC/Subsystem1/components/i_axi/src/DW_axi_mp_shrd.v
/remote/sdgedt/tools/reem/SNPS_FABRIC/Subsystem1/components/i_axi/src/DW_axi_dfltslv.v
/remote/sdgedt/tools/reem/SNPS_FABRIC/Subsystem1/components/i_axi/src/DW_axi_dlock_cnt.v
/remote/sdgedt/tools/reem/SNPS_FABRIC/Subsystem1/components/i_axi/src/DW_axi_dlock_mux.v
/remote/sdgedt/tools/reem/SNPS_FABRIC/Subsystem1/components/i_axi/src/DW_axi_lpfsm.v
/remote/sdgedt/tools/reem/SNPS_FABRIC/Subsystem1/components/i_axi/src/DW_axi_lp.v
/remote/sdgedt/tools/reem/SNPS_FABRIC/Subsystem1/components/i_axi/src/DW_axi_qos_regfile.v
/remote/sdgedt/tools/reem/SNPS_FABRIC/Subsystem1/components/i_axi/src/DW_axi_dummy_sync.v
/remote/sdgedt/tools/reem/SNPS_FABRIC/Subsystem1/components/i_axi/src/DW_axi_bcm99.v
/remote/sdgedt/tools/reem/SNPS_FABRIC/Subsystem1/components/i_axi/src/DW_axi_qos_req_filter.v
/remote/sdgedt/tools/reem/SNPS_FABRIC/Subsystem1/components/i_axi/src/DW_axi_qos_token_generator.v
/remote/sdgedt/tools/reem/SNPS_FABRIC/Subsystem1/components/i_axi/src/DW_axi_qos_controller.v
/remote/sdgedt/tools/reem/SNPS_FABRIC/Subsystem1/components/i_axi/src/DW_axi.v

