// component: /i_axi_a2x_1
// library: work
// files:
/slowfs/sbg_builds15/barvekar/demo_soc/demo_soc_v1/components/i_axi_a2x_1/src/DW_axi_a2x_define_constants.vh
/slowfs/sbg_builds15/barvekar/demo_soc/demo_soc_v1/components/i_axi_a2x_1/src/DW_axi_a2x_cc_constants.vh
/slowfs/sbg_builds15/barvekar/demo_soc/demo_soc_v1/components/i_axi_a2x_1/src/DW_axi_a2x_bcm_params.vh
/slowfs/sbg_builds15/barvekar/demo_soc/demo_soc_v1/components/i_axi_a2x_1/src/DW_axi_a2x_all_includes.vh
/slowfs/sbg_builds15/barvekar/demo_soc/demo_soc_v1/components/i_axi_a2x_1/src/DW_axi_a2x_bcm05.v
/slowfs/sbg_builds15/barvekar/demo_soc/demo_soc_v1/components/i_axi_a2x_1/src/DW_axi_a2x_bcm06.v
/slowfs/sbg_builds15/barvekar/demo_soc/demo_soc_v1/components/i_axi_a2x_1/src/DW_axi_a2x_bcm07.v
/slowfs/sbg_builds15/barvekar/demo_soc/demo_soc_v1/components/i_axi_a2x_1/src/DW_axi_a2x_bcm99.v
/slowfs/sbg_builds15/barvekar/demo_soc/demo_soc_v1/components/i_axi_a2x_1/src/DW_axi_a2x_bcm21.v
/slowfs/sbg_builds15/barvekar/demo_soc/demo_soc_v1/components/i_axi_a2x_1/src/DW_axi_a2x_bcm57.v
/slowfs/sbg_builds15/barvekar/demo_soc/demo_soc_v1/components/i_axi_a2x_1/src/DW_axi_a2x_bcm65.v
/slowfs/sbg_builds15/barvekar/demo_soc/demo_soc_v1/components/i_axi_a2x_1/src/DW_axi_a2x_bcm58.v
/slowfs/sbg_builds15/barvekar/demo_soc/demo_soc_v1/components/i_axi_a2x_1/src/DW_axi_a2x_bcm66.v
/slowfs/sbg_builds15/barvekar/demo_soc/demo_soc_v1/components/i_axi_a2x_1/src/DW_axi_a2x_busmux_ohsel.v
/slowfs/sbg_builds15/barvekar/demo_soc/demo_soc_v1/components/i_axi_a2x_1/src/DW_axi_a2x_h2x_lk.v
/slowfs/sbg_builds15/barvekar/demo_soc/demo_soc_v1/components/i_axi_a2x_1/src/DW_axi_a2x_h2x_resp.v
/slowfs/sbg_builds15/barvekar/demo_soc/demo_soc_v1/components/i_axi_a2x_1/src/DW_axi_a2x_h2x_r_ns.v
/slowfs/sbg_builds15/barvekar/demo_soc/demo_soc_v1/components/i_axi_a2x_1/src/DW_axi_a2x_h2x_r_id.v
/slowfs/sbg_builds15/barvekar/demo_soc/demo_soc_v1/components/i_axi_a2x_1/src/DW_axi_a2x_h2x_r.v
/slowfs/sbg_builds15/barvekar/demo_soc/demo_soc_v1/components/i_axi_a2x_1/src/DW_axi_a2x_h2x_w_id.v
/slowfs/sbg_builds15/barvekar/demo_soc/demo_soc_v1/components/i_axi_a2x_1/src/DW_axi_a2x_h2x_w.v
/slowfs/sbg_builds15/barvekar/demo_soc/demo_soc_v1/components/i_axi_a2x_1/src/DW_axi_a2x_h2x_decode.v
/slowfs/sbg_builds15/barvekar/demo_soc/demo_soc_v1/components/i_axi_a2x_1/src/DW_axi_a2x_h2x.v
/slowfs/sbg_builds15/barvekar/demo_soc/demo_soc_v1/components/i_axi_a2x_1/src/DW_axi_a2x_fifo_sclk_r.v
/slowfs/sbg_builds15/barvekar/demo_soc/demo_soc_v1/components/i_axi_a2x_1/src/DW_axi_a2x_fifo.v
/slowfs/sbg_builds15/barvekar/demo_soc/demo_soc_v1/components/i_axi_a2x_1/src/DW_axi_a2x_sp_add_lk.v
/slowfs/sbg_builds15/barvekar/demo_soc/demo_soc_v1/components/i_axi_a2x_1/src/DW_axi_a2x_sp_add_calc.v
/slowfs/sbg_builds15/barvekar/demo_soc/demo_soc_v1/components/i_axi_a2x_1/src/DW_axi_a2x_sp_add_rs.v
/slowfs/sbg_builds15/barvekar/demo_soc/demo_soc_v1/components/i_axi_a2x_1/src/DW_axi_a2x_sp_add_onek.v
/slowfs/sbg_builds15/barvekar/demo_soc/demo_soc_v1/components/i_axi_a2x_1/src/DW_axi_a2x_sp_add_ws.v
/slowfs/sbg_builds15/barvekar/demo_soc/demo_soc_v1/components/i_axi_a2x_1/src/DW_axi_a2x_sp_add_split.v
/slowfs/sbg_builds15/barvekar/demo_soc/demo_soc_v1/components/i_axi_a2x_1/src/DW_axi_a2x_sp_add.v
/slowfs/sbg_builds15/barvekar/demo_soc/demo_soc_v1/components/i_axi_a2x_1/src/DW_axi_a2x_aw.v
/slowfs/sbg_builds15/barvekar/demo_soc/demo_soc_v1/components/i_axi_a2x_1/src/DW_axi_a2x_ar.v
/slowfs/sbg_builds15/barvekar/demo_soc/demo_soc_v1/components/i_axi_a2x_1/src/DW_axi_a2x_pk_byte.v
/slowfs/sbg_builds15/barvekar/demo_soc/demo_soc_v1/components/i_axi_a2x_1/src/DW_axi_a2x_w_pk.v
/slowfs/sbg_builds15/barvekar/demo_soc/demo_soc_v1/components/i_axi_a2x_1/src/DW_axi_a2x_w_upk.v
/slowfs/sbg_builds15/barvekar/demo_soc/demo_soc_v1/components/i_axi_a2x_1/src/DW_axi_a2x_w_spc.v
/slowfs/sbg_builds15/barvekar/demo_soc/demo_soc_v1/components/i_axi_a2x_1/src/DW_axi_a2x_w_snf.v
/slowfs/sbg_builds15/barvekar/demo_soc/demo_soc_v1/components/i_axi_a2x_1/src/DW_axi_a2x_w.v
/slowfs/sbg_builds15/barvekar/demo_soc/demo_soc_v1/components/i_axi_a2x_1/src/DW_axi_a2x_r_upk_dec.v
/slowfs/sbg_builds15/barvekar/demo_soc/demo_soc_v1/components/i_axi_a2x_1/src/DW_axi_a2x_r_upk.v
/slowfs/sbg_builds15/barvekar/demo_soc/demo_soc_v1/components/i_axi_a2x_1/src/DW_axi_a2x_r_pk_byte.v
/slowfs/sbg_builds15/barvekar/demo_soc/demo_soc_v1/components/i_axi_a2x_1/src/DW_axi_a2x_r_pk.v
/slowfs/sbg_builds15/barvekar/demo_soc/demo_soc_v1/components/i_axi_a2x_1/src/DW_axi_a2x_r_uid.v
/slowfs/sbg_builds15/barvekar/demo_soc/demo_soc_v1/components/i_axi_a2x_1/src/DW_axi_a2x_r.v
/slowfs/sbg_builds15/barvekar/demo_soc/demo_soc_v1/components/i_axi_a2x_1/src/DW_axi_a2x_b_buf.v
/slowfs/sbg_builds15/barvekar/demo_soc/demo_soc_v1/components/i_axi_a2x_1/src/DW_axi_a2x_b_nbuf.v
/slowfs/sbg_builds15/barvekar/demo_soc/demo_soc_v1/components/i_axi_a2x_1/src/DW_axi_a2x_b_uid.v
/slowfs/sbg_builds15/barvekar/demo_soc/demo_soc_v1/components/i_axi_a2x_1/src/DW_axi_a2x_b.v
/slowfs/sbg_builds15/barvekar/demo_soc/demo_soc_v1/components/i_axi_a2x_1/src/DW_axi_a2x_busy_osx.v
/slowfs/sbg_builds15/barvekar/demo_soc/demo_soc_v1/components/i_axi_a2x_1/src/DW_axi_a2x_busy.v
/slowfs/sbg_builds15/barvekar/demo_soc/demo_soc_v1/components/i_axi_a2x_1/src/DW_axi_a2x_pp_lk.v
/slowfs/sbg_builds15/barvekar/demo_soc/demo_soc_v1/components/i_axi_a2x_1/src/DW_axi_a2x_sp_lk.v
/slowfs/sbg_builds15/barvekar/demo_soc/demo_soc_v1/components/i_axi_a2x_1/src/DW_axi_a2x_lp.v
/slowfs/sbg_builds15/barvekar/demo_soc/demo_soc_v1/components/i_axi_a2x_1/src/DW_axi_a2x_h2x_et.v
/slowfs/sbg_builds15/barvekar/demo_soc/demo_soc_v1/components/i_axi_a2x_1/src/DW_axi_a2x_x2x_et.v
/slowfs/sbg_builds15/barvekar/demo_soc/demo_soc_v1/components/i_axi_a2x_1/src/DW_axi_rs_tpi.v
/slowfs/sbg_builds15/barvekar/demo_soc/demo_soc_v1/components/i_axi_a2x_1/src/DW_axi_rs_core.v
/slowfs/sbg_builds15/barvekar/demo_soc/demo_soc_v1/components/i_axi_a2x_1/src/DW_axi_a2x_core.v
/slowfs/sbg_builds15/barvekar/demo_soc/demo_soc_v1/components/i_axi_a2x_1/src/DW_axi_a2x.v
/slowfs/sbg_builds15/barvekar/demo_soc/demo_soc_v1/components/i_axi_a2x_1/src/DW_axi_a2x-undef.v

